/Users/jominjun/Documents/dearby/dearby-ios-architecture-tests/apps/ios/Dearby/shared/lib/LintViolationProbe.swift:1:29: error: Trailing Whitespace Violation: Lines should not have trailing whitespace (trailing_whitespace)
Linting Swift files in current working directory
Linting 'NoticeSession.swift' (1/128)
Linting 'CalendarPreferences.swift' (2/128)
Linting 'BusyCalendarProviderFactory.swift' (3/128)
Linting 'BundleSnapshot.swift' (4/128)
Linting 'SnapshotManifest.swift' (5/128)
Linting 'PreviewBusyCalendarProvider.swift' (6/128)
Linting 'CalendarPreferenceStore.swift' (7/128)
Linting 'UserDefaultsCalendarPreferenceStore.swift' (8/128)
Linting 'SwiftDataSnapshotStore.swift' (9/128)
Linting 'DearbyApp.swift' (10/128)
Linting 'NoticeDestinationView.swift' (11/128)
Linting 'ContentView.swift' (12/128)
Linting 'FavoriteOrganizations.swift' (13/128)
Linting 'SaveOrganizationResult.swift' (14/128)
Linting 'CalendarOverlapTimeline.swift' (15/128)
Linting 'BusyTimeStatusView.swift' (16/128)
Linting 'CalendarConnectionControl.swift' (17/128)
Linting 'BusyCalendarSession.swift' (18/128)
Linting 'BusyCalendarOccurrence.swift' (19/128)
Linting 'BusyCalendarProvider.swift' (20/128)
Linting 'EventKitBusyProvider.swift' (21/128)
Linting 'VenueMapLauncher.swift' (22/128)
Linting 'CalendarConnectionState.swift' (23/128)
Linting 'VenueMapButton.swift' (24/128)
Linting 'VenueMapLink.swift' (25/128)
Linting 'CalendarDraftMapper.swift' (26/128)
Linting 'CalendarAddButton.swift' (27/128)
Linting 'NoticeDetailDestination.swift' (28/128)
Linting 'CalendarDatePolicy.swift' (29/128)
Linting 'CalendarEditorRequest.swift' (30/128)
Linting 'CalendarEventDraft.swift' (31/128)
Linting 'InformationRow.swift' (32/128)
Linting 'CalendarEventEditor.swift' (33/128)
Linting 'EventDaySelector.swift' (34/128)
Linting 'EventDayTimeline.swift' (35/128)
Linting 'CalendarEditorDelegate.swift' (36/128)
Linting 'StatusMessage.swift' (37/128)
Linting 'ExternalLinkCard.swift' (38/128)
Linting 'LocationInformation.swift' (39/128)
Linting 'EventTimelineGrid.swift' (40/128)
Linting 'BusyTimeBlocks.swift' (41/128)
Linting 'NativeComponentsPreview.swift' (42/128)
Linting 'BusyTimeSummaryView.swift' (43/128)
Linting 'MetadataRow.swift' (44/128)
Linting 'NativeStyle.swift' (45/128)
Linting 'PrimaryButton.swift' (46/128)
Linting 'EventTimeRows.swift' (47/128)
Linting 'EventTimelineInterval.swift' (48/128)
Linting 'SecondaryButton.swift' (49/128)
Linting 'LintViolationProbe.swift' (50/128)
Linting 'BusyTimeOverlay.swift' (51/128)
Linting 'CompactPeriod.swift' (52/128)
Linting 'BusyTimeInterval.swift' (53/128)
Linting 'EventPeriodPresentation.swift' (54/128)
Linting 'BusyTimeDisplay.swift' (55/128)
Linting 'BusyTimeDescription.swift' (56/128)
Linting 'FavoriteListView.swift' (57/128)
Linting 'DiscoveryCardPage.swift' (58/128)
Linting 'DiscoveryView.swift' (59/128)
Linting 'NoticeLocationView.swift' (60/128)
Linting 'NoticeApplicationView.swift' (61/128)
Linting 'DiscoveryPageControls.swift' (62/128)
Linting 'SettingsView.swift' (63/128)
Linting 'NoticeScheduleView.swift' (65/128)
Linting 'NoticeIdentityView.swift' (64/128)
Linting 'NoticeDetailView.swift' (66/128)
Linting 'NoticeDetailState.swift' (67/128)
Linting 'FavoriteOrganizationCard.swift' (68/128)
Linting 'NoticePlaceState.swift' (69/128)
Linting 'FavoriteOrganizationCardContent.swift' (70/128)
Linting 'FavoriteOrganizationCardState.swift' (71/128)
Linting 'NoticeDetailViewModel.swift' (72/128)
Linting 'NoticeCard.swift' (73/128)
Linting 'FavoriteOrganizationCardViewModel.swift' (74/128)
Linting 'NoticeCardContent.swift' (75/128)
Linting 'NoticeCardSaveButton.swift' (76/128)
Linting 'NoticeCardScheduleList.swift' (77/128)
Linting 'NoticeCardState.swift' (78/128)
Linting 'NoticeCardViewModel.swift' (79/128)
Linting 'NoticeCardScheduleState.swift' (80/128)
Linting 'NoticeCardPlaceText.swift' (81/128)
Linting 'OrganizationModel.swift' (82/128)
Linting 'NoticeCardScheduleRow.swift' (83/128)
Linting 'OrganizationRepository.swift' (84/128)
Linting 'OrganizationSource.swift' (85/128)
Linting 'SwiftDataOrganizationSource.swift' (86/128)
Linting 'OrganizationCacheStorage.swift' (87/128)
Linting 'FavoriteOrganizationStore.swift' (88/128)
Linting 'OrganizationRecord.swift' (89/128)
Linting 'FavoriteOrganizationsRepository.swift' (90/128)
Linting 'SnapshotOrganizationSource.swift' (91/128)
Linting 'UserDefaultsFavoriteOrganizationsRepository.swift' (92/128)
Linting 'NoticeModel.swift' (93/128)
Linting 'NoticeClassificationView.swift' (94/128)
Linting 'NoticeApplication.swift' (95/128)
Linting 'NoticeLocation.swift' (96/128)
Linting 'NoticeVenue.swift' (97/128)
Linting 'NoticeCoordinates.swift' (98/128)
Linting 'NoticeContext.swift' (99/128)
Linting 'NoticeSource.swift' (100/128)
Linting 'NoticePhase.swift' (101/128)
Linting 'NoticeEvidence.swift' (102/128)
Linting 'NoticeSchedule.swift' (103/128)
Linting 'SnapshotNoticeSource.swift' (104/128)
Linting 'SwiftDataNoticeSource.swift' (105/128)
Linting 'NoticeStorageCodec.swift' (106/128)
Linting 'NoticeRepository.swift' (107/128)
Linting 'NoticeRecordSource.swift' (108/128)
Linting 'NoticeCacheStorage.swift' (109/128)
Linting 'NoticeRecord.swift' (110/128)
Linting 'VenueMapTests.swift' (111/128)
Linting 'SwiftDataNoticeTests.swift' (112/128)
Linting 'NoticeViewModelTests.swift' (113/128)
Linting 'SwiftDataSnapshotTests.swift' (114/128)
Linting 'CalendarDraftTests.swift' (115/128)
Linting 'CalendarPreferenceTests.swift' (116/128)
Linting 'DetailPresentationTests.swift' (117/128)
Linting 'BusyCalendarTests.swift' (118/128)
Linting 'OrganizationRepositoryTests.swift' (119/128)
Linting 'FavoritesStoreTests.swift' (120/128)
Linting 'Package.swift' (121/128)
Linting 'SwiftDataOrganizationTests.swift' (122/128)
Linting 'EventTimelineTests.swift' (123/128)
Linting 'ArchitectureTests.swift' (124/128)
Linting 'FSDBoundaries.swift' (125/128)
Linting 'ArchitectureRules.swift' (126/128)
Linting 'SourceInventory.swift' (127/128)
Linting 'FSDTests.swift' (128/128)
Done linting! Found 1 violation, 1 serious in 128 files.
