Linting Swift files in current working directory
Linting 'CalendarPreferences.swift' (1/127)
Linting 'NoticeSession.swift' (2/127)
Linting 'BusyCalendarProviderFactory.swift' (3/127)
Linting 'BundleSnapshot.swift' (4/127)
Linting 'PreviewBusyCalendarProvider.swift' (5/127)
Linting 'SnapshotManifest.swift' (6/127)
Linting 'CalendarPreferenceStore.swift' (7/127)
Linting 'UserDefaultsCalendarPreferenceStore.swift' (8/127)
Linting 'SwiftDataSnapshotStore.swift' (9/127)
Linting 'DearbyApp.swift' (10/127)
Linting 'NoticeDestinationView.swift' (11/127)
Linting 'NoticeDetailDestination.swift' (12/127)
Linting 'ContentView.swift' (13/127)
Linting 'FavoriteOrganizations.swift' (14/127)
Linting 'SaveOrganizationResult.swift' (15/127)
Linting 'CalendarOverlapTimeline.swift' (16/127)
Linting 'BusyTimeStatusView.swift' (17/127)
Linting 'CalendarConnectionControl.swift' (18/127)
Linting 'BusyCalendarSession.swift' (19/127)
Linting 'CalendarConnectionState.swift' (20/127)
Linting 'BusyCalendarOccurrence.swift' (21/127)
Linting 'BusyCalendarProvider.swift' (22/127)
Linting 'EventKitBusyProvider.swift' (23/127)
Linting 'VenueMapButton.swift' (24/127)
Linting 'VenueMapLauncher.swift' (25/127)
Linting 'VenueMapLink.swift' (26/127)
Linting 'CalendarAddButton.swift' (27/127)
Linting 'CalendarDraftMapper.swift' (28/127)
Linting 'CalendarEventDraft.swift' (29/127)
Linting 'CalendarDatePolicy.swift' (30/127)
Linting 'CalendarEditorRequest.swift' (31/127)
Linting 'CalendarEditorDelegate.swift' (32/127)
Linting 'CalendarEventEditor.swift' (33/127)
Linting 'InformationRow.swift' (34/127)
Linting 'EventDaySelector.swift' (35/127)
Linting 'EventDayTimeline.swift' (36/127)
Linting 'ExternalLinkCard.swift' (37/127)
Linting 'StatusMessage.swift' (38/127)
Linting 'NativeComponentsPreview.swift' (39/127)
Linting 'EventTimelineGrid.swift' (40/127)
Linting 'LocationInformation.swift' (41/127)
Linting 'BusyTimeBlocks.swift' (42/127)
Linting 'MetadataRow.swift' (43/127)
Linting 'BusyTimeSummaryView.swift' (44/127)
Linting 'NativeStyle.swift' (45/127)
Linting 'BusyTimeOverlay.swift' (46/127)
Linting 'EventTimeRows.swift' (47/127)
Linting 'PrimaryButton.swift' (48/127)
Linting 'SecondaryButton.swift' (49/127)
Linting 'EventTimelineInterval.swift' (50/127)
Linting 'BusyTimeInterval.swift' (51/127)
Linting 'CompactPeriod.swift' (52/127)
Linting 'EventPeriodPresentation.swift' (53/127)
Linting 'BusyTimeDescription.swift' (54/127)
Linting 'BusyTimeDisplay.swift' (55/127)
Linting 'SettingsView.swift' (56/127)
Linting 'FavoriteListView.swift' (57/127)
Linting 'DiscoveryCardPage.swift' (58/127)
Linting 'DiscoveryView.swift' (59/127)
Linting 'DiscoveryPageControls.swift' (60/127)
Linting 'NoticeLocationView.swift' (61/127)
Linting 'NoticeApplicationView.swift' (62/127)
Linting 'NoticeDetailView.swift' (63/127)
Linting 'NoticeScheduleView.swift' (64/127)
Linting 'NoticeIdentityView.swift' (65/127)
Linting 'NoticeDetailState.swift' (66/127)
Linting 'NoticeDetailViewModel.swift' (67/127)
Linting 'NoticePlaceState.swift' (68/127)
Linting 'FavoriteOrganizationCardContent.swift' (69/127)
Linting 'FavoriteOrganizationCard.swift' (70/127)
Linting 'FavoriteOrganizationCardViewModel.swift' (71/127)
Linting 'FavoriteOrganizationCardState.swift' (72/127)
Linting 'NoticeCard.swift' (73/127)
Linting 'NoticeCardContent.swift' (74/127)
Linting 'NoticeCardSaveButton.swift' (75/127)
Linting 'NoticeCardScheduleRow.swift' (76/127)
Linting 'NoticeCardScheduleList.swift' (77/127)
Linting 'NoticeCardPlaceText.swift' (78/127)
Linting 'NoticeCardViewModel.swift' (79/127)
Linting 'NoticeCardState.swift' (80/127)
Linting 'NoticeCardScheduleState.swift' (81/127)
Linting 'OrganizationModel.swift' (82/127)
Linting 'OrganizationRepository.swift' (83/127)
Linting 'OrganizationSource.swift' (84/127)
Linting 'SwiftDataOrganizationSource.swift' (85/127)
Linting 'SnapshotOrganizationSource.swift' (86/127)
Linting 'OrganizationCacheStorage.swift' (87/127)
Linting 'OrganizationRecord.swift' (88/127)
Linting 'FavoriteOrganizationStore.swift' (89/127)
Linting 'FavoriteOrganizationsRepository.swift' (90/127)
Linting 'UserDefaultsFavoriteOrganizationsRepository.swift' (91/127)
Linting 'NoticeClassificationView.swift' (92/127)
Linting 'NoticeModel.swift' (93/127)
Linting 'NoticeApplication.swift' (94/127)
Linting 'NoticeSource.swift' (95/127)
Linting 'NoticeLocation.swift' (96/127)
Linting 'NoticeVenue.swift' (97/127)
Linting 'NoticeCoordinates.swift' (98/127)
Linting 'NoticeContext.swift' (99/127)
Linting 'NoticePhase.swift' (100/127)
Linting 'NoticeSchedule.swift' (101/127)
Linting 'NoticeEvidence.swift' (102/127)
Linting 'NoticeRepository.swift' (103/127)
Linting 'SnapshotNoticeSource.swift' (104/127)
Linting 'SwiftDataNoticeSource.swift' (105/127)
Linting 'NoticeStorageCodec.swift' (106/127)
Linting 'NoticeRecordSource.swift' (107/127)
Linting 'NoticeRecord.swift' (108/127)
Linting 'NoticeCacheStorage.swift' (109/127)
Linting 'CalendarDraftTests.swift' (110/127)
Linting 'SwiftDataNoticeTests.swift' (111/127)
Linting 'NoticeViewModelTests.swift' (112/127)
Linting 'VenueMapTests.swift' (113/127)
Linting 'SwiftDataSnapshotTests.swift' (114/127)
Linting 'DetailPresentationTests.swift' (115/127)
Linting 'CalendarPreferenceTests.swift' (116/127)
Linting 'BusyCalendarTests.swift' (117/127)
Linting 'EventTimelineTests.swift' (118/127)
Linting 'OrganizationRepositoryTests.swift' (119/127)
Linting 'SwiftDataOrganizationTests.swift' (120/127)
Linting 'FavoritesStoreTests.swift' (121/127)
Linting 'Package.swift' (122/127)
Linting 'ArchitectureTests.swift' (123/127)
Linting 'FSDBoundaries.swift' (124/127)
Linting 'FSDTests.swift' (125/127)
Linting 'SourceInventory.swift' (126/127)
Linting 'ArchitectureRules.swift' (127/127)
Done linting! Found 0 violations, 0 serious in 127 files.
